{NA <type 'exceptions.ZeroDivisionError'> 'integer division or modulo by zero'
 Traceback (most recent call last):
  File "regression-tests/add_NA_to_dict.py", line 4, in <module>
    x = 1 / 0
}
{STORE_MAP(key=NA) | regression-tests/add_NA_to_dict.py <module>:8}
{STORE_MAP(value=NA) | regression-tests/add_NA_to_dict.py <module>:9}
{STORE_MAP(key=NA) | regression-tests/add_NA_to_dict.py <module>:10}
{STORE_MAP(value=NA) | regression-tests/add_NA_to_dict.py <module>:11}
{PyObject_SetItem(value=NA) | regression-tests/add_NA_to_dict.py <module>:14}
{PyObject_SetItem(key=NA) | regression-tests/add_NA_to_dict.py <module>:16}
{STORE_MAP(key=NA) | regression-tests/add_NA_to_dict.py <module>:18}
{dict.setdefault(*, NA) | regression-tests/add_NA_to_dict.py <module>:20}
{dict_init(value=NA) | regression-tests/add_NA_to_dict.py <module>:24}
{dict_init(value=NA) | regression-tests/add_NA_to_dict.py <module>:25}
{dict_init(value=NA) | regression-tests/add_NA_to_dict.py <module>:25}
{dict_init(value=NA) | regression-tests/add_NA_to_dict.py <module>:26}
{dict_init(value=NA) | regression-tests/add_NA_to_dict.py <module>:26}
{dict_init(value=NA) | regression-tests/add_NA_to_dict.py <module>:27}
{dict_init(value=NA) | regression-tests/add_NA_to_dict.py <module>:27}
