{NA <type 'exceptions.ZeroDivisionError'> 'integer division or modulo by zero'
 Traceback (most recent call last):
  File "regression-tests/add_NA_to_tuple.py", line 4, in <module>
    x = 1 / 0

Locals: {'__builtins__': <module '__builtin__' (built-in)>, '__name__': '__main__', '__file__': 'regression-tests/add_NA_to_tuple.py', '__doc__': None, '__package__': None}
}
{BUILD_TUPLE(* NA *) | regression-tests/add_NA_to_tuple.py <module>:8}
{BUILD_TUPLE(* NA *) | regression-tests/add_NA_to_tuple.py <module>:9}
{BUILD_TUPLE(* NA *) | regression-tests/add_NA_to_tuple.py <module>:10}
{BUILD_TUPLE(* NA *) | regression-tests/add_NA_to_tuple.py <module>:11}
{BUILD_TUPLE(* NA *) | regression-tests/add_NA_to_tuple.py <module>:12}
{BUILD_TUPLE(* NA *) | regression-tests/add_NA_to_tuple.py <module>:13}
{BUILD_TUPLE(* NA *) | regression-tests/add_NA_to_tuple.py <module>:14}
