{NA <type 'exceptions.ZeroDivisionError'> 'integer division or modulo by zero'
 Traceback (most recent call last):
  File "regression-tests/NA_compare_ops.py", line 3, in <module>
    x = 1 / 0
}
{PyObject_RichCompare(NA,*)=False | regression-tests/NA_compare_ops.py <module>:6}
{PyObject_RichCompare(NA,*)=False | regression-tests/NA_compare_ops.py <module>:7}
{PyObject_RichCompare(NA,*)=False | regression-tests/NA_compare_ops.py <module>:8}
{PyObject_RichCompare(NA,*)=False | regression-tests/NA_compare_ops.py <module>:9}
{PyObject_RichCompare(NA,*)=False | regression-tests/NA_compare_ops.py <module>:10}
{PyObject_RichCompare(NA,*)=False | regression-tests/NA_compare_ops.py <module>:11}
