{NA <type 'exceptions.ZeroDivisionError'> 'integer division or modulo by zero'
 Traceback (most recent call last):
  File "regression-tests/NA_unary_ops.py", line 3, in <module>
    x = 1 / 0
}
{NA_unary | regression-tests/NA_unary_ops.py <module>:6}
{NA_unary | regression-tests/NA_unary_ops.py <module>:7}
{NA_unary | regression-tests/NA_unary_ops.py <module>:8}
{NA_unary | regression-tests/NA_unary_ops.py <module>:9}
