{NA <type 'exceptions.TypeError'> "'int' object is unsubscriptable"
 Traceback (most recent call last):
  File "regression-tests/unsubscr.py", line 1, in <module>
    x = 5[10]

Locals: {'__builtins__': <module '__builtin__' (built-in)>, '__name__': '__main__', '__file__': 'regression-tests/unsubscr.py', '__doc__': None, '__package__': None}
}
